// Jest Snapshot v1, https://goo.gl/fbAQLP

exports[`Button matches snapshot 1`] = `
<DocumentFragment>
  <div>
    <button>
      Click me
    </button>
  </div>
</DocumentFragment>
`;
